Found 747 mutants to test
ok       Unmutated baseline in 15s build + 1s test
 INFO Auto-set test timeout to 20s
MISSED   src/texel/dataset.rs:123:19: replace += with *= in build_cache in 2s build + 1s test
MISSED   src/texel/dataset.rs:164:27: replace * with / in extract_parallel in 2s build + 1s test
MISSED   src/texel/dataset.rs:208:36: replace / with * in fold_feature_vec in 2s build + 0s test
MISSED   src/texel/dataset.rs:209:74: replace + with - in fold_feature_vec in 2s build + 1s test
TIMEOUT  src/texel/dataset.rs:281:9: replace <impl Iterator for CacheStream>::next -> Option<Vec<CachedRec>> with Some(vec![]) in 3s build + 20s test
MISSED   src/texel/dataset.rs:330:57: replace < with > in split_by_game in 2s build + 1s test
MISSED   src/texel/dataset.rs:330:57: replace < with <= in split_by_game in 3s build + 1s test
MISSED   src/texel/dataset.rs:368:27: replace * with + in effective_source_counts in 4s build + 1s test
MISSED   src/texel/dataset.rs:368:21: replace / with % in effective_source_counts in 4s build + 1s test
MISSED   src/texel/dataset.rs:368:21: replace / with * in effective_source_counts in 4s build + 1s test
MISSED   src/texel/features.rs:63:77: replace + with - in reference_score_white in 5s build + 1s test
MISSED   src/texel/features.rs:65:77: replace + with - in reference_score_white in 6s build + 1s test
MISSED   src/texel/features.rs:199:16: replace += with -= in passed_term in 13s build + 2s test
MISSED   src/texel/features.rs:206:22: replace & with | in passed_term in 14s build + 2s test
MISSED   src/texel/features.rs:206:22: replace & with ^ in passed_term in 13s build + 2s test
MISSED   src/texel/features.rs:207:20: replace += with -= in passed_term in 13s build + 2s test
MISSED   src/texel/features.rs:208:29: replace & with | in passed_term in 14s build + 2s test
MISSED   src/texel/features.rs:208:29: replace & with ^ in passed_term in 14s build + 2s test
MISSED   src/texel/features.rs:209:20: replace -= with += in passed_term in 14s build + 2s test
MISSED   src/texel/features.rs:223:16: replace += with -= in passed_term in 15s build + 2s test
MISSED   src/texel/features.rs:223:36: replace * with / in passed_term in 17s build + 2s test
MISSED   src/texel/features.rs:223:24: replace * with / in passed_term in 17s build + 2s test
MISSED   src/texel/features.rs:243:12: replace > with == in endgame_scale in 16s build + 2s test
MISSED   src/texel/features.rs:243:12: replace > with < in endgame_scale in 16s build + 2s test
MISSED   src/texel/features.rs:243:12: replace > with >= in endgame_scale in 16s build + 2s test
MISSED   src/texel/features.rs:244:25: replace - with + in endgame_scale in 17s build + 2s test
MISSED   src/texel/features.rs:244:25: replace - with / in endgame_scale in 17s build + 3s test
MISSED   src/texel/features.rs:245:25: replace - with + in endgame_scale in 17s build + 3s test
MISSED   src/texel/features.rs:245:25: replace - with / in endgame_scale in 17s build + 3s test
MISSED   src/texel/features.rs:247:36: replace - with + in endgame_scale in 17s build + 2s test
MISSED   src/texel/features.rs:247:68: replace / with % in endgame_scale in 17s build + 2s test
MISSED   src/texel/features.rs:247:68: replace / with * in endgame_scale in 17s build + 3s test
MISSED   src/texel/features.rs:247:61: replace * with + in endgame_scale in 17s build + 2s test
MISSED   src/texel/features.rs:247:61: replace * with / in endgame_scale in 17s build + 3s test
MISSED   src/texel/features.rs:247:52: replace - with + in endgame_scale in 17s build + 3s test
MISSED   src/texel/features.rs:247:52: replace - with / in endgame_scale in 17s build + 2s test
MISSED   src/texel/features.rs:301:36: replace += with -= in passed_features in 19s build + 3s test
MISSED   src/texel/features.rs:301:36: replace += with *= in passed_features in 19s build + 3s test
MISSED   src/texel/features.rs:301:30: replace - with + in passed_features in 19s build + 3s test
MISSED   src/texel/features.rs:301:30: replace - with / in passed_features in 19s build + 3s test
MISSED   src/texel/features.rs:312:35: replace - with / in passed_features in 20s build + 3s test
MISSED   src/texel/features.rs:313:33: replace & with | in passed_features in 20s build + 4s test
MISSED   src/texel/features.rs:313:33: replace & with ^ in passed_features in 20s build + 3s test
MISSED   src/texel/features.rs:314:35: replace - with / in passed_features in 21s build + 3s test
MISSED   src/texel/features.rs:331:21: replace += with -= in passed_features in 21s build + 3s test
MISSED   src/texel/features.rs:331:21: replace += with *= in passed_features in 21s build + 4s test
MISSED   src/texel/features.rs:331:29: replace * with / in passed_features in 22s build + 3s test
MISSED   src/texel/features.rs:332:29: replace * with / in passed_features in 23s build + 3s test
MISSED   src/texel/mixture.rs:109:15: replace > with == in mix_from_z in 24s build + 3s test
MISSED   src/texel/mixture.rs:109:15: replace > with < in mix_from_z in 24s build + 3s test
MISSED   src/texel/mixture.rs:109:15: replace > with >= in mix_from_z in 24s build + 4s test
MISSED   src/texel/mixture.rs:189:5: replace z_distance -> f64 with 1.0 in 32s build + 5s test
MISSED   src/texel/mixture.rs:191:22: replace - with + in z_distance in 33s build + 6s test
MISSED   src/texel/mixture.rs:191:22: replace - with / in z_distance in 34s build + 6s test
MISSED   src/texel/mixture.rs:192:16: replace * with + in z_distance in 39s build + 8s test
MISSED   src/texel/mixture.rs:192:16: replace * with / in z_distance in 32s build + 6s test
MISSED   src/texel/mixture.rs:200:5: replace simplex_z_spread -> f64 with 1.0 in 33s build + 7s test
MISSED   src/texel/mixture.rs:203:11: replace / with % in simplex_z_spread in 36s build + 8s test
MISSED   src/texel/mixture.rs:203:11: replace / with * in simplex_z_spread in 34s build + 7s test
MISSED   src/texel/mixture.rs:342:27: replace += with *= in simplex_search_impl in 34s build + 14s test
MISSED   src/texel/mixture.rs:364:22: replace < with <= in simplex_search_impl in 32s build + 7s test
MISSED   src/texel/mixture.rs:368:46: replace - with / in simplex_search_impl in 33s build + 8s test
MISSED   src/texel/mixture.rs:375:36: replace - with + in simplex_search_impl in 32s build + 8s test
MISSED   src/texel/mixture.rs:375:36: replace - with / in simplex_search_impl in 33s build + 8s test
MISSED   src/texel/mixture.rs:377:31: replace || with && in simplex_search_impl in 35s build + 8s test
MISSED   src/texel/mixture.rs:377:23: replace < with == in simplex_search_impl in 34s build + 5s test
MISSED   src/texel/mixture.rs:377:23: replace < with <= in simplex_search_impl in 35s build + 6s test
MISSED   src/texel/mixture.rs:377:43: replace < with == in simplex_search_impl in 35s build + 4s test
MISSED   src/texel/mixture.rs:377:43: replace < with <= in simplex_search_impl in 34s build + 8s test
MISSED   src/texel/mixture.rs:397:20: replace += with *= in simplex_search_impl in 37s build + 9s test
MISSED   src/texel/mixture.rs:400:30: replace && with || in simplex_search_impl in 36s build + 8s test
MISSED   src/texel/mixture.rs:400:21: replace <= with > in simplex_search_impl in 38s build + 8s test
MISSED   src/texel/mixture.rs:400:39: replace < with == in simplex_search_impl in 34s build + 9s test
MISSED   src/texel/mixture.rs:400:39: replace < with > in simplex_search_impl in 39s build + 7s test
MISSED   src/texel/mixture.rs:400:39: replace < with <= in simplex_search_impl in 36s build + 8s test
MISSED   src/texel/mixture.rs:408:25: replace < with == in simplex_search_impl in 38s build + 9s test
MISSED   src/texel/mixture.rs:408:25: replace < with > in simplex_search_impl in 41s build + 9s test
MISSED   src/texel/mixture.rs:408:25: replace < with <= in simplex_search_impl in 39s build + 14s test
MISSED   src/texel/mixture.rs:419:24: replace += with -= in simplex_search_impl in 39s build + 9s test
MISSED   src/texel/mixture.rs:419:24: replace += with *= in simplex_search_impl in 41s build + 9s test
MISSED   src/texel/mixture.rs:420:22: replace < with == in simplex_search_impl in 36s build + 12s test
MISSED   src/texel/mixture.rs:420:22: replace < with > in simplex_search_impl in 42s build + 9s test
MISSED   src/texel/mixture.rs:420:22: replace < with <= in simplex_search_impl in 40s build + 11s test
MISSED   src/texel/mixture.rs:437:58: replace < with == in simplex_search_impl in 43s build + 15s test
MISSED   src/texel/mixture.rs:437:58: replace < with > in simplex_search_impl in 43s build + 9s test
MISSED   src/texel/mixture.rs:437:58: replace < with <= in simplex_search_impl in 42s build + 9s test
MISSED   src/texel/mixture.rs:461:24: replace += with -= in simplex_search_impl in 43s build + 15s test
MISSED   src/texel/mixture.rs:461:24: replace += with *= in simplex_search_impl in 47s build + 10s test
MISSED   src/texel/mixture.rs:468:22: replace < with == in simplex_search_impl in 43s build + 9s test
MISSED   src/texel/mixture.rs:468:22: replace < with > in simplex_search_impl in 44s build + 16s test
MISSED   src/texel/mixture.rs:468:22: replace < with <= in simplex_search_impl in 45s build + 16s test
MISSED   src/texel/mixture.rs:479:26: replace == with != in simplex_search_impl in 44s build + 14s test
MISSED   src/texel/mixture.rs:491:32: replace += with -= in simplex_search_impl in 47s build + 17s test
MISSED   src/texel/mixture.rs:491:32: replace += with *= in simplex_search_impl in 45s build + 14s test
MISSED   src/texel/mixture.rs:505:30: replace > with == in simplex_search_impl in 46s build + 16s test
MISSED   src/texel/mixture.rs:505:30: replace > with < in simplex_search_impl in 47s build + 17s test
MISSED   src/texel/mixture.rs:505:30: replace > with >= in simplex_search_impl in 44s build + 18s test
MISSED   src/texel/mixture.rs:523:64: replace < with == in simplex_search_impl in 45s build + 17s test
MISSED   src/texel/mixture.rs:523:64: replace < with > in simplex_search_impl in 46s build + 18s test
MISSED   src/texel/mixture.rs:523:64: replace < with <= in simplex_search_impl in 46s build + 14s test
TIMEOUT  src/texel/mixture.rs:526:35: replace - with + in simplex_search_impl in 46s build + 20s test
MISSED   src/texel/mixture.rs:526:35: replace - with / in simplex_search_impl in 42s build + 15s test
TIMEOUT  src/texel/mixture.rs:527:36: replace * with + in simplex_search_impl in 46s build + 20s test
TIMEOUT  src/texel/mixture.rs:527:36: replace * with / in simplex_search_impl in 40s build + 20s test
TIMEOUT  src/texel/mixture.rs:528:25: replace < with == in simplex_search_impl in 44s build + 20s test
TIMEOUT  src/texel/mixture.rs:528:25: replace < with > in simplex_search_impl in 42s build + 20s test
TIMEOUT  src/texel/mixture.rs:528:25: replace < with <= in simplex_search_impl in 40s build + 20s test
TIMEOUT  src/texel/mixture.rs:528:38: replace * with + in simplex_search_impl in 43s build + 20s test
TIMEOUT  src/texel/mixture.rs:528:38: replace * with / in simplex_search_impl in 45s build + 20s test
TIMEOUT  src/texel/mixture.rs:543:33: replace += with -= in simplex_search_impl in 47s build + 20s test
TIMEOUT  src/texel/mixture.rs:543:33: replace += with *= in simplex_search_impl in 43s build + 20s test
TIMEOUT  src/texel/mixture.rs:553:32: replace += with -= in simplex_search_impl in 46s build + 20s test
TIMEOUT  src/texel/mixture.rs:553:32: replace += with *= in simplex_search_impl in 45s build + 20s test
TIMEOUT  src/texel/mixture.rs:563:31: replace += with -= in simplex_search_impl in 45s build + 20s test
TIMEOUT  src/texel/mixture.rs:563:31: replace += with *= in simplex_search_impl in 46s build + 20s test
TIMEOUT  src/texel/mixture.rs:570:20: replace += with -= in simplex_search_impl in 49s build + 20s test
TIMEOUT  src/texel/mixture.rs:570:20: replace += with *= in simplex_search_impl in 48s build + 20s test
TIMEOUT  src/texel/mixture.rs:582:29: replace == with != in simplex_search_impl in 46s build + 20s test
TIMEOUT  src/texel/mixture.rs:598:5: replace sort_indices_by_obj -> [usize; N_VERTS] with [0; N_VERTS] in 46s build + 20s test
TIMEOUT  src/texel/mixture.rs:598:5: replace sort_indices_by_obj -> [usize; N_VERTS] with [1; N_VERTS] in 46s build + 20s test
TIMEOUT  src/texel/mixture.rs:640:5: replace record_progress -> Result<(), TexelError> with Ok(()) in 44s build + 20s test
TIMEOUT  src/texel/mixture.rs:680:5: replace format_meta_progress -> String with String::new() in 50s build + 20s test
TIMEOUT  src/texel/mixture.rs:680:5: replace format_meta_progress -> String with "xyzzy".into() in 46s build + 20s test
TIMEOUT  src/texel/mixture.rs:700:5: replace write_progress_file with () in 47s build + 20s test
TIMEOUT  src/texel/mixture.rs:724:5: replace save_checkpoint -> Result<(), TexelError> with Ok(()) in 49s build + 20s test
TIMEOUT  src/texel/mixture.rs:740:5: replace load_checkpoint -> Option<Checkpoint> with None in 48s build + 20s test
TIMEOUT  src/texel/mixture.rs:747:5: replace encode_checkpoint -> Vec<u8> with vec![] in 44s build + 20s test
TIMEOUT  src/texel/mixture.rs:747:5: replace encode_checkpoint -> Vec<u8> with vec![0] in 47s build + 20s test
TIMEOUT  src/texel/mixture.rs:747:5: replace encode_checkpoint -> Vec<u8> with vec![1] in 48s build + 20s test
TIMEOUT  src/texel/mixture.rs:780:5: replace decode_checkpoint -> Option<Checkpoint> with None in 49s build + 20s test
TIMEOUT  src/texel/mixture.rs:780:20: replace < with == in decode_checkpoint in 44s build + 20s test
TIMEOUT  src/texel/mixture.rs:780:20: replace < with > in decode_checkpoint in 46s build + 20s test
TIMEOUT  src/texel/mixture.rs:780:20: replace < with <= in decode_checkpoint in 49s build + 20s test
TIMEOUT  src/texel/mixture.rs:780:33: replace + with - in decode_checkpoint in 47s build + 20s test
TIMEOUT  src/texel/mixture.rs:780:33: replace + with * in decode_checkpoint in 51s build + 20s test
TIMEOUT  src/texel/mixture.rs:780:28: replace + with * in decode_checkpoint in 45s build + 20s test
TIMEOUT  src/texel/mixture.rs:780:24: replace + with * in decode_checkpoint in 44s build + 20s test
TIMEOUT  src/texel/mixture.rs:783:30: replace - with + in decode_checkpoint in 48s build + 20s test
TIMEOUT  src/texel/mixture.rs:783:30: replace - with / in decode_checkpoint in 48s build + 20s test
TIMEOUT  src/texel/mixture.rs:785:54: replace != with == in decode_checkpoint in 51s build + 20s test
TIMEOUT  src/texel/mixture.rs:789:26: replace != with == in decode_checkpoint in 48s build + 20s test
TIMEOUT  src/texel/mixture.rs:809:19: replace > with == in decode_checkpoint in 49s build + 20s test
TIMEOUT  src/texel/mixture.rs:809:19: replace > with < in decode_checkpoint in 49s build + 20s test
TIMEOUT  src/texel/mixture.rs:809:19: replace > with >= in decode_checkpoint in 49s build + 20s test
TIMEOUT  src/texel/mixture.rs:829:14: replace > with == in decode_checkpoint in 57s build + 20s test
TIMEOUT  src/texel/mixture.rs:829:14: replace > with < in decode_checkpoint in 50s build + 20s test
TIMEOUT  src/texel/mixture.rs:829:14: replace > with >= in decode_checkpoint in 51s build + 20s test
TIMEOUT  src/texel/mixture.rs:829:30: replace * with + in decode_checkpoint in 51s build + 20s test
TIMEOUT  src/texel/mixture.rs:829:30: replace * with / in decode_checkpoint in 50s build + 20s test
TIMEOUT  src/texel/mixture.rs:836:8: delete ! in decode_checkpoint in 50s build + 20s test
TIMEOUT  src/texel/mixture.rs:850:5: replace read_u32 -> Option<u32> with None in 53s build + 20s test
TIMEOUT  src/texel/mixture.rs:850:5: replace read_u32 -> Option<u32> with Some(0) in 51s build + 20s test
TIMEOUT  src/texel/mixture.rs:850:5: replace read_u32 -> Option<u32> with Some(1) in 52s build + 20s test
TIMEOUT  src/texel/mixture.rs:856:5: replace read_u64 -> Option<u64> with None in 52s build + 20s test
TIMEOUT  src/texel/mixture.rs:856:5: replace read_u64 -> Option<u64> with Some(0) in 52s build + 20s test
TIMEOUT  src/texel/mixture.rs:856:5: replace read_u64 -> Option<u64> with Some(1) in 52s build + 20s test
TIMEOUT  src/texel/mixture.rs:862:5: replace read_f64 -> Option<f64> with None in 53s build + 20s test
TIMEOUT  src/texel/mixture.rs:862:5: replace read_f64 -> Option<f64> with Some(0.0) in 52s build + 20s test
TIMEOUT  src/texel/mixture.rs:862:5: replace read_f64 -> Option<f64> with Some(1.0) in 52s build + 20s test
TIMEOUT  src/texel/mixture.rs:862:5: replace read_f64 -> Option<f64> with Some(-1.0) in 53s build + 20s test
TIMEOUT  src/texel/mixture.rs:876:5: replace config_fingerprint -> u64 with 0 in 53s build + 20s test
TIMEOUT  src/texel/mixture.rs:876:5: replace config_fingerprint -> u64 with 1 in 53s build + 20s test
TIMEOUT  src/texel/mixture.rs:890:16: replace | with & in config_fingerprint in 53s build + 20s test
TIMEOUT  src/texel/mixture.rs:890:16: replace | with ^ in config_fingerprint in 59s build + 20s test
TIMEOUT  src/texel/mixture.rs:890:9: replace << with >> in config_fingerprint in 53s build + 20s test
TIMEOUT  src/texel/mixture.rs:911:16: replace < with == in reweight_train in 48s build + 20s test
TIMEOUT  src/texel/mixture.rs:911:16: replace < with > in reweight_train in 55s build + 20s test
TIMEOUT  src/texel/mixture.rs:911:16: replace < with <= in reweight_train in 53s build + 20s test
TIMEOUT  src/texel/mixture.rs:918:12: replace > with == in reweight_train in 53s build + 20s test
TIMEOUT  src/texel/mixture.rs:918:12: replace > with < in reweight_train in 59s build + 20s test
TIMEOUT  src/texel/mixture.rs:918:12: replace > with >= in reweight_train in 54s build + 20s test
TIMEOUT  src/texel/mixture.rs:920:28: replace / with % in reweight_train in 55s build + 20s test
TIMEOUT  src/texel/mixture.rs:920:28: replace / with * in reweight_train in 61s build + 20s test
TIMEOUT  src/texel/mixture.rs:921:24: replace && with || in reweight_train in 56s build + 20s test
TIMEOUT  src/texel/mixture.rs:921:18: replace > with == in reweight_train in 58s build + 20s test
TIMEOUT  src/texel/mixture.rs:921:18: replace > with < in reweight_train in 54s build + 20s test
TIMEOUT  src/texel/mixture.rs:921:18: replace > with >= in reweight_train in 55s build + 20s test
TIMEOUT  src/texel/mixture.rs:921:27: delete ! in reweight_train in 55s build + 20s test
TIMEOUT  src/texel/mixture.rs:922:49: replace / with % in reweight_train in 56s build + 20s test
TIMEOUT  src/texel/mixture.rs:922:49: replace / with * in reweight_train in 60s build + 20s test
TIMEOUT  src/texel/mixture.rs:928:16: replace <= with > in reweight_train in 57s build + 20s test
TIMEOUT  src/texel/mixture.rs:931:26: replace * with + in reweight_train in 58s build + 20s test
TIMEOUT  src/texel/mixture.rs:931:26: replace * with / in reweight_train in 59s build + 20s test
TIMEOUT  src/texel/mixture.rs:931:19: replace / with % in reweight_train in 57s build + 20s test
TIMEOUT  src/texel/mixture.rs:931:19: replace / with * in reweight_train in 57s build + 20s test
TIMEOUT  src/texel/mixture.rs:938:28: replace || with && in reweight_train in 66s build + 20s test
TIMEOUT  src/texel/mixture.rs:938:33: replace == with != in reweight_train in 60s build + 20s test
TIMEOUT  src/texel/mixture.rs:941:38: replace ^ with | in reweight_train in 63s build + 20s test
TIMEOUT  src/texel/mixture.rs:941:38: replace ^ with & in reweight_train in 59s build + 20s test
TIMEOUT  src/texel/mixture.rs:944:23: replace + with - in reweight_train in 58s build + 20s test
TIMEOUT  src/texel/mixture.rs:944:23: replace + with * in reweight_train in 94s build + 20s test
TIMEOUT  src/texel/mixture.rs:944:48: replace - with + in reweight_train in 66s build + 20s test
TIMEOUT  src/texel/mixture.rs:944:48: replace - with / in reweight_train in 67s build + 20s test
TIMEOUT  src/texel/optimizer.rs:73:5: replace save_checkpoint -> Result<(), TexelError> with Ok(()) in 65s build + 20s test
TIMEOUT  src/texel/optimizer.rs:104:5: replace encode_checkpoint -> Vec<u8> with vec![] in 53s build + 20s test
TIMEOUT  src/texel/optimizer.rs:104:5: replace encode_checkpoint -> Vec<u8> with vec![0] in 67s build + 20s test
TIMEOUT  src/texel/optimizer.rs:104:5: replace encode_checkpoint -> Vec<u8> with vec![1] in 58s build + 20s test
TIMEOUT  src/texel/optimizer.rs:121:5: replace write_f64_vec with () in 59s build + 20s test
TIMEOUT  src/texel/optimizer.rs:131:20: replace < with == in decode_checkpoint in 56s build + 20s test
TIMEOUT  src/texel/optimizer.rs:131:20: replace < with > in decode_checkpoint in 63s build + 20s test
TIMEOUT  src/texel/optimizer.rs:131:20: replace < with <= in decode_checkpoint in 65s build + 20s test
TIMEOUT  src/texel/optimizer.rs:131:40: replace + with - in decode_checkpoint in 64s build + 20s test
TIMEOUT  src/texel/optimizer.rs:131:40: replace + with * in decode_checkpoint in 71s build + 20s test
TIMEOUT  src/texel/optimizer.rs:131:36: replace + with - in decode_checkpoint in 60s build + 20s test
TIMEOUT  src/texel/optimizer.rs:131:36: replace + with * in decode_checkpoint in 64s build + 20s test
TIMEOUT  src/texel/optimizer.rs:131:32: replace + with - in decode_checkpoint in 68s build + 20s test
TIMEOUT  src/texel/optimizer.rs:131:32: replace + with * in decode_checkpoint in 63s build + 20s test
TIMEOUT  src/texel/optimizer.rs:131:28: replace + with - in decode_checkpoint in 67s build + 20s test
TIMEOUT  src/texel/optimizer.rs:131:28: replace + with * in decode_checkpoint in 67s build + 20s test
TIMEOUT  src/texel/optimizer.rs:131:24: replace + with * in decode_checkpoint in 54s build + 20s test
TIMEOUT  src/texel/optimizer.rs:134:30: replace - with + in decode_checkpoint in 66s build + 20s test
TIMEOUT  src/texel/optimizer.rs:134:30: replace - with / in decode_checkpoint in 68s build + 20s test
TIMEOUT  src/texel/optimizer.rs:136:54: replace != with == in decode_checkpoint in 69s build + 20s test
TIMEOUT  src/texel/optimizer.rs:140:26: replace != with == in decode_checkpoint in 71s build + 20s test
TIMEOUT  src/texel/optimizer.rs:152:8: delete ! in decode_checkpoint in 66s build + 20s test
TIMEOUT  src/texel/optimizer.rs:169:5: replace read_u32 -> Result<u32, TexelError> with Ok(0) in 73s build + 20s test
TIMEOUT  src/texel/optimizer.rs:169:5: replace read_u32 -> Result<u32, TexelError> with Ok(1) in 69s build + 20s test
TIMEOUT  src/texel/optimizer.rs:176:5: replace read_u64 -> Result<u64, TexelError> with Ok(0) in 71s build + 20s test
TIMEOUT  src/texel/optimizer.rs:176:5: replace read_u64 -> Result<u64, TexelError> with Ok(1) in 70s build + 20s test
TIMEOUT  src/texel/optimizer.rs:183:5: replace read_f64_vec -> Result<Vec<f64>, TexelError> with Ok(vec![]) in 71s build + 20s test
TIMEOUT  src/texel/optimizer.rs:183:5: replace read_f64_vec -> Result<Vec<f64>, TexelError> with Ok(vec![0.0]) in 72s build + 20s test
TIMEOUT  src/texel/optimizer.rs:183:5: replace read_f64_vec -> Result<Vec<f64>, TexelError> with Ok(vec![1.0]) in 67s build + 20s test
TIMEOUT  src/texel/optimizer.rs:183:5: replace read_f64_vec -> Result<Vec<f64>, TexelError> with Ok(vec![-1.0]) in 71s build + 20s test
TIMEOUT  src/texel/optimizer.rs:193:5: replace tmp_path -> std::path::PathBuf with Default::default() in 72s build + 20s test
TIMEOUT  src/texel/optimizer.rs:247:5: replace project_sign with () in 72s build + 20s test
TIMEOUT  src/texel/optimizer.rs:249:18: replace match guard *wi < 0.0 with true in project_sign in 73s build + 20s test
TIMEOUT  src/texel/optimizer.rs:249:18: replace match guard *wi < 0.0 with false in project_sign in 71s build + 20s test
TIMEOUT  src/texel/optimizer.rs:250:19: replace match guard *wi > 0.0 with true in project_sign in 73s build + 20s test
TIMEOUT  src/texel/optimizer.rs:250:19: replace match guard *wi > 0.0 with false in project_sign in 71s build + 20s test
TIMEOUT  src/texel/optimizer.rs:249:22: replace < with == in project_sign in 72s build + 20s test
TIMEOUT  src/texel/optimizer.rs:249:22: replace < with > in project_sign in 73s build + 20s test
TIMEOUT  src/texel/optimizer.rs:249:22: replace < with <= in project_sign in 73s build + 20s test
TIMEOUT  src/texel/optimizer.rs:250:23: replace > with == in project_sign in 75s build + 20s test
TIMEOUT  src/texel/optimizer.rs:250:23: replace > with < in project_sign in 69s build + 20s test
TIMEOUT  src/texel/optimizer.rs:250:23: replace > with >= in project_sign in 73s build + 20s test
TIMEOUT  src/texel/optimizer.rs:324:22: replace < with == in tune in 61s build + 20s test
TIMEOUT  src/texel/optimizer.rs:324:22: replace < with > in tune in 70s build + 20s test
TIMEOUT  src/texel/optimizer.rs:324:22: replace < with <= in tune in 74s build + 20s test
TIMEOUT  src/texel/optimizer.rs:331:20: replace += with -= in tune in 69s build + 20s test
TIMEOUT  src/texel/optimizer.rs:331:20: replace += with *= in tune in 75s build + 20s test
TIMEOUT  src/texel/optimizer.rs:333:23: replace - with + in tune in 73s build + 20s test
TIMEOUT  src/texel/optimizer.rs:333:23: replace - with / in tune in 71s build + 20s test
TIMEOUT  src/texel/optimizer.rs:334:23: replace - with + in tune in 72s build + 20s test
TIMEOUT  src/texel/optimizer.rs:334:23: replace - with / in tune in 69s build + 20s test
TIMEOUT  src/texel/optimizer.rs:336:45: replace + with - in tune in 71s build + 20s test
TIMEOUT  src/texel/optimizer.rs:336:45: replace + with * in tune in 71s build + 20s test
TIMEOUT  src/texel/optimizer.rs:336:32: replace * with + in tune in 71s build + 20s test
TIMEOUT  src/texel/optimizer.rs:336:32: replace * with / in tune in 76s build + 20s test
TIMEOUT  src/texel/optimizer.rs:336:61: replace * with + in tune in 70s build + 20s test
TIMEOUT  src/texel/optimizer.rs:336:61: replace * with / in tune in 71s build + 20s test
TIMEOUT  src/texel/optimizer.rs:336:52: replace - with + in tune in 71s build + 20s test
TIMEOUT  src/texel/optimizer.rs:336:52: replace - with / in tune in 70s build + 20s test
TIMEOUT  src/texel/optimizer.rs:337:45: replace + with - in tune in 72s build + 20s test
TIMEOUT  src/texel/optimizer.rs:337:45: replace + with * in tune in 70s build + 20s test
TIMEOUT  src/texel/optimizer.rs:337:32: replace * with + in tune in 74s build + 20s test
TIMEOUT  src/texel/optimizer.rs:337:32: replace * with / in tune in 71s build + 20s test
TIMEOUT  src/texel/optimizer.rs:337:65: replace * with + in tune in 73s build + 20s test
TIMEOUT  src/texel/optimizer.rs:337:65: replace * with / in tune in 75s build + 20s test
TIMEOUT  src/texel/optimizer.rs:337:61: replace * with + in tune in 72s build + 20s test
TIMEOUT  src/texel/optimizer.rs:337:61: replace * with / in tune in 71s build + 20s test
TIMEOUT  src/texel/optimizer.rs:337:52: replace - with + in tune in 78s build + 20s test
TIMEOUT  src/texel/optimizer.rs:337:52: replace - with / in tune in 71s build + 20s test
TIMEOUT  src/texel/optimizer.rs:338:36: replace / with % in tune in 73s build + 20s test
TIMEOUT  src/texel/optimizer.rs:338:36: replace / with * in tune in 72s build + 20s test
TIMEOUT  src/texel/optimizer.rs:339:36: replace / with % in tune in 74s build + 20s test
TIMEOUT  src/texel/optimizer.rs:339:36: replace / with * in tune in 73s build + 20s test
TIMEOUT  src/texel/optimizer.rs:340:24: replace -= with += in tune in 73s build + 20s test
TIMEOUT  src/texel/optimizer.rs:340:24: replace -= with /= in tune in 75s build + 20s test
TIMEOUT  src/texel/optimizer.rs:340:42: replace / with % in tune in 74s build + 20s test
TIMEOUT  src/texel/optimizer.rs:340:42: replace / with * in tune in 75s build + 20s test
TIMEOUT  src/texel/optimizer.rs:340:34: replace * with + in tune in 74s build + 20s test
TIMEOUT  src/texel/optimizer.rs:340:34: replace * with / in tune in 75s build + 20s test
TIMEOUT  src/texel/optimizer.rs:340:58: replace + with - in tune in 74s build + 20s test
TIMEOUT  src/texel/optimizer.rs:340:58: replace + with * in tune in 76s build + 20s test
TIMEOUT  src/texel/optimizer.rs:347:56: replace || with && in tune in 74s build + 20s test
TIMEOUT  src/texel/optimizer.rs:347:51: replace == with != in tune in 74s build + 20s test
TIMEOUT  src/texel/optimizer.rs:347:34: replace % with / in tune in 74s build + 20s test
TIMEOUT  src/texel/optimizer.rs:347:34: replace % with + in tune in 75s build + 20s test
TIMEOUT  src/texel/optimizer.rs:347:70: replace == with != in tune in 75s build + 20s test
TIMEOUT  src/texel/optimizer.rs:352:28: replace < with == in tune in 75s build + 20s test
TIMEOUT  src/texel/optimizer.rs:352:28: replace < with > in tune in 78s build + 20s test
TIMEOUT  src/texel/optimizer.rs:352:28: replace < with <= in tune in 76s build + 20s test
TIMEOUT  src/texel/optimizer.rs:352:20: replace + with - in tune in 75s build + 20s test
TIMEOUT  src/texel/optimizer.rs:352:20: replace + with * in tune in 76s build + 20s test
TIMEOUT  src/texel/optimizer.rs:357:32: replace += with -= in tune in 80s build + 20s test
TIMEOUT  src/texel/optimizer.rs:357:32: replace += with *= in tune in 76s build + 20s test
TIMEOUT  src/texel/optimizer.rs:374:34: replace == with != in tune in 79s build + 20s test
TIMEOUT  src/texel/optimizer.rs:375:30: replace += with -= in tune in 76s build + 20s test
TIMEOUT  src/texel/optimizer.rs:375:30: replace += with *= in tune in 76s build + 20s test
TIMEOUT  src/texel/optimizer.rs:381:42: replace >= with < in tune in 77s build + 20s test
TIMEOUT  src/texel/optimizer.rs:382:44: replace >= with < in tune in 133s build + 20s test
TIMEOUT  src/texel/optimizer.rs:418:5: replace maybe_checkpoint -> Result<(), TexelError> with Ok(()) in 77s build + 20s test
TIMEOUT  src/texel/optimizer.rs:419:33: replace > with == in maybe_checkpoint in 65s build + 20s test
TIMEOUT  src/texel/optimizer.rs:419:33: replace > with < in maybe_checkpoint in 75s build + 20s test
TIMEOUT  src/texel/optimizer.rs:419:33: replace > with >= in maybe_checkpoint in 81s build + 20s test
TIMEOUT  src/texel/optimizer.rs:442:5: replace load_split_records -> Result<(Vec<CachedRec>, Vec<CachedRec>), TexelError> with Ok((vec![], vec![])) in 78s build + 20s test
TIMEOUT  src/texel/optimizer.rs:452:17: replace += with -= in load_split_records in 65s build + 20s test
TIMEOUT  src/texel/optimizer.rs:452:17: replace += with *= in load_split_records in 77s build + 20s test
TIMEOUT  src/texel/optimizer.rs:468:5: replace held_out_loss -> f64 with 0.0 in 78s build + 20s test
TIMEOUT  src/texel/optimizer.rs:468:5: replace held_out_loss -> f64 with 1.0 in 81s build + 20s test
TIMEOUT  src/texel/optimizer.rs:468:5: replace held_out_loss -> f64 with -1.0 in 80s build + 20s test
TIMEOUT  src/texel/optimizer.rs:480:15: replace += with -= in held_out_loss in 78s build + 20s test
TIMEOUT  src/texel/optimizer.rs:480:15: replace += with *= in held_out_loss in 78s build + 20s test
TIMEOUT  src/texel/optimizer.rs:480:27: replace * with + in held_out_loss in 81s build + 20s test
TIMEOUT  src/texel/optimizer.rs:480:27: replace * with / in held_out_loss in 79s build + 20s test
TIMEOUT  src/texel/optimizer.rs:482:30: replace * with + in held_out_loss in 80s build + 20s test
TIMEOUT  src/texel/optimizer.rs:482:30: replace * with / in held_out_loss in 78s build + 20s test
TIMEOUT  src/texel/optimizer.rs:486:23: replace - with + in held_out_loss in 79s build + 20s test
TIMEOUT  src/texel/optimizer.rs:486:23: replace - with / in held_out_loss in 82s build + 20s test
TIMEOUT  src/texel/optimizer.rs:487:13: replace += with -= in held_out_loss in 78s build + 20s test
TIMEOUT  src/texel/optimizer.rs:487:13: replace += with *= in held_out_loss in 80s build + 20s test
TIMEOUT  src/texel/optimizer.rs:487:18: replace * with + in held_out_loss in 80s build + 20s test
TIMEOUT  src/texel/optimizer.rs:487:18: replace * with / in held_out_loss in 82s build + 20s test
TIMEOUT  src/texel/optimizer.rs:489:9: replace / with % in held_out_loss in 80s build + 20s test
TIMEOUT  src/texel/optimizer.rs:489:9: replace / with * in held_out_loss in 82s build + 20s test
TIMEOUT  src/texel/optimizer.rs:495:5: replace sigmoid -> f64 with 0.0 in 81s build + 20s test
TIMEOUT  src/texel/optimizer.rs:495:5: replace sigmoid -> f64 with 1.0 in 82s build + 20s test
TIMEOUT  src/texel/optimizer.rs:495:5: replace sigmoid -> f64 with -1.0 in 81s build + 20s test
TIMEOUT  src/texel/optimizer.rs:495:9: replace / with % in sigmoid in 83s build + 20s test
TIMEOUT  src/texel/optimizer.rs:495:9: replace / with * in sigmoid in 84s build + 20s test
TIMEOUT  src/texel/optimizer.rs:495:16: replace + with - in sigmoid in 81s build + 20s test
TIMEOUT  src/texel/optimizer.rs:495:16: replace + with * in sigmoid in 81s build + 20s test
TIMEOUT  src/texel/optimizer.rs:495:19: delete - in sigmoid in 84s build + 20s test
TIMEOUT  src/texel/optimizer.rs:495:28: delete - in sigmoid in 83s build + 20s test
TIMEOUT  src/texel/optimizer.rs:503:5: replace coord_descent_check -> Vec<f64> with vec![] in 81s build + 20s test
TIMEOUT  src/texel/optimizer.rs:503:5: replace coord_descent_check -> Vec<f64> with vec![0.0] in 84s build + 20s test
TIMEOUT  src/texel/optimizer.rs:503:5: replace coord_descent_check -> Vec<f64> with vec![1.0] in 85s build + 20s test
TIMEOUT  src/texel/optimizer.rs:503:5: replace coord_descent_check -> Vec<f64> with vec![-1.0] in 86s build + 20s test
TIMEOUT  src/texel/optimizer.rs:507:30: replace + with - in coord_descent_check in 82s build + 20s test
TIMEOUT  src/texel/optimizer.rs:507:30: replace + with * in coord_descent_check in 82s build + 20s test
TIMEOUT  src/texel/optimizer.rs:510:30: replace - with + in coord_descent_check in 84s build + 20s test
TIMEOUT  src/texel/optimizer.rs:510:30: replace - with / in coord_descent_check in 84s build + 20s test
TIMEOUT  src/texel/optimizer.rs:512:31: replace && with || in coord_descent_check in 85s build + 20s test
TIMEOUT  src/texel/optimizer.rs:512:19: replace < with == in coord_descent_check in 84s build + 20s test
TIMEOUT  src/texel/optimizer.rs:512:19: replace < with > in coord_descent_check in 84s build + 20s test
TIMEOUT  src/texel/optimizer.rs:512:19: replace < with <= in coord_descent_check in 86s build + 20s test
TIMEOUT  src/texel/optimizer.rs:512:37: replace <= with > in coord_descent_check in 86s build + 20s test
TIMEOUT  src/texel/optimizer.rs:513:24: replace + with - in coord_descent_check in 87s build + 20s test
TIMEOUT  src/texel/optimizer.rs:513:24: replace + with * in coord_descent_check in 87s build + 20s test
TIMEOUT  src/texel/optimizer.rs:514:26: replace < with == in coord_descent_check in 87s build + 20s test
TIMEOUT  src/texel/optimizer.rs:514:26: replace < with > in coord_descent_check in 88s build + 20s test
TIMEOUT  src/texel/optimizer.rs:514:26: replace < with <= in coord_descent_check in 86s build + 20s test
TIMEOUT  src/texel/optimizer.rs:515:24: replace - with + in coord_descent_check in 86s build + 20s test
TIMEOUT  src/texel/optimizer.rs:515:24: replace - with / in coord_descent_check in 86s build + 20s test
TIMEOUT  src/texel/optimizer.rs:525:5: replace mse -> f64 with 0.0 in 87s build + 20s test
TIMEOUT  src/texel/optimizer.rs:525:5: replace mse -> f64 with 1.0 in 87s build + 20s test
TIMEOUT  src/texel/optimizer.rs:525:5: replace mse -> f64 with -1.0 in 88s build + 20s test
TIMEOUT  src/texel/optimizer.rs:533:19: replace += with -= in mse in 87s build + 20s test
TIMEOUT  src/texel/optimizer.rs:533:19: replace += with *= in mse in 90s build + 20s test
TIMEOUT  src/texel/optimizer.rs:533:31: replace * with + in mse in 89s build + 20s test
TIMEOUT  src/texel/optimizer.rs:533:31: replace * with / in mse in 87s build + 20s test
TIMEOUT  src/texel/optimizer.rs:535:34: replace * with + in mse in 89s build + 20s test
TIMEOUT  src/texel/optimizer.rs:535:34: replace * with / in mse in 88s build + 20s test
TIMEOUT  src/texel/optimizer.rs:539:27: replace - with + in mse in 87s build + 20s test
TIMEOUT  src/texel/optimizer.rs:539:27: replace - with / in mse in 90s build + 20s test
TIMEOUT  src/texel/optimizer.rs:540:15: replace * with + in mse in 88s build + 20s test
TIMEOUT  src/texel/optimizer.rs:540:15: replace * with / in mse in 91s build + 20s test
TIMEOUT  src/texel/optimizer.rs:543:9: replace / with % in mse in 88s build + 20s test
TIMEOUT  src/texel/optimizer.rs:543:9: replace / with * in mse in 89s build + 20s test
747 mutants tested in 9h: 100 missed, 336 caught, 52 unviable, 259 timeouts
